// Jest Snapshot v1, https://goo.gl/fbAQLP

exports[`TodoItem renders without change 1`] = `
{
  "asFragment": [Function],
  "baseElement": <body>
    <div>
      <div
        class="ant-card ant-card-bordered ant-card-small css-dev-only-do-not-override-ixblex"
        data-testid="todo-item"
      >
        <div
          class="ant-card-head"
        >
          <div
            class="ant-card-head-wrapper"
          >
            <div
              class="ant-card-head-title"
            >
              Title 1
            </div>
            <div
              class="ant-card-extra"
            >
              <span
                class="ant-badge ant-badge-status ant-badge-not-a-wrapper css-dev-only-do-not-override-ixblex"
              >
                <span
                  class="ant-badge-status-dot ant-badge-status-processing"
                  style="color: rgb(245, 34, 45); background: rgb(245, 34, 45);"
                />
              </span>
            </div>
          </div>
        </div>
        <div
          class="ant-card-body"
        >
          <div
            class="ant-space css-dev-only-do-not-override-ixblex ant-space-vertical"
          >
            <div
              class="ant-space-item"
              style="margin-bottom: 24px;"
            >
              <span
                class="ant-typography css-dev-only-do-not-override-ixblex"
              >
                Description 1
              </span>
            </div>
            <div
              class="ant-space-item"
            >
              <div
                class="ant-space css-dev-only-do-not-override-ixblex ant-space-horizontal ant-space-align-center"
              >
                <div
                  class="ant-space-item"
                  style="margin-right: 8px;"
                >
                  <span
                    aria-label="calendar"
                    class="anticon anticon-calendar"
                    role="img"
                  >
                    <svg
                      aria-hidden="true"
                      data-icon="calendar"
                      fill="currentColor"
                      focusable="false"
                      height="1em"
                      viewBox="64 64 896 896"
                      width="1em"
                    >
                      <path
                        d="M712 304c0 4.4-3.6 8-8 8h-56c-4.4 0-8-3.6-8-8v-48H384v48c0 4.4-3.6 8-8 8h-56c-4.4 0-8-3.6-8-8v-48H184v136h656V256H712v48z"
                        fill="#e6f7ff"
                      />
                      <path
                        d="M880 184H712v-64c0-4.4-3.6-8-8-8h-56c-4.4 0-8 3.6-8 8v64H384v-64c0-4.4-3.6-8-8-8h-56c-4.4 0-8 3.6-8 8v64H144c-17.7 0-32 14.3-32 32v664c0 17.7 14.3 32 32 32h736c17.7 0 32-14.3 32-32V216c0-17.7-14.3-32-32-32zm-40 656H184V460h656v380zm0-448H184V256h128v48c0 4.4 3.6 8 8 8h56c4.4 0 8-3.6 8-8v-48h256v48c0 4.4 3.6 8 8 8h56c4.4 0 8-3.6 8-8v-48h128v136z"
                        fill="#1890ff"
                      />
                    </svg>
                  </span>
                </div>
                <div
                  class="ant-space-item"
                >
                  <span
                    class="ant-typography css-dev-only-do-not-override-ixblex"
                  >
                    01/01/2023
                  </span>
                </div>
              </div>
            </div>
          </div>
        </div>
        <ul
          class="ant-card-actions"
        >
          <li
            style="width: 33.333333333333336%;"
          >
            <span>
              <span
                aria-label="check-circle"
                class="anticon anticon-check-circle"
                role="img"
                style="font-size: 18px;"
                tabindex="-1"
              >
                <svg
                  aria-hidden="true"
                  data-icon="check-circle"
                  fill="currentColor"
                  focusable="false"
                  height="1em"
                  viewBox="64 64 896 896"
                  width="1em"
                >
                  <path
                    d="M699 353h-46.9c-10.2 0-19.9 4.9-25.9 13.3L469 584.3l-71.2-98.8c-6-8.3-15.6-13.3-25.9-13.3H325c-6.5 0-10.3 7.4-6.5 12.7l124.6 172.8a31.8 31.8 0 0051.7 0l210.6-292c3.9-5.3.1-12.7-6.4-12.7z"
                  />
                  <path
                    d="M512 64C264.6 64 64 264.6 64 512s200.6 448 448 448 448-200.6 448-448S759.4 64 512 64zm0 820c-205.4 0-372-166.6-372-372s166.6-372 372-372 372 166.6 372 372-166.6 372-372 372z"
                  />
                </svg>
              </span>
            </span>
          </li>
          <li
            style="width: 33.333333333333336%;"
          >
            <span>
              <span
                aria-label="edit"
                class="anticon anticon-edit"
                role="img"
                style="font-size: 18px;"
                tabindex="-1"
              >
                <svg
                  aria-hidden="true"
                  data-icon="edit"
                  fill="currentColor"
                  focusable="false"
                  height="1em"
                  viewBox="64 64 896 896"
                  width="1em"
                >
                  <path
                    d="M257.7 752c2 0 4-.2 6-.5L431.9 722c2-.4 3.9-1.3 5.3-2.8l423.9-423.9a9.96 9.96 0 000-14.1L694.9 114.9c-1.9-1.9-4.4-2.9-7.1-2.9s-5.2 1-7.1 2.9L256.8 538.8c-1.5 1.5-2.4 3.3-2.8 5.3l-29.5 168.2a33.5 33.5 0 009.4 29.8c6.6 6.4 14.9 9.9 23.8 9.9zm67.4-174.4L687.8 215l73.3 73.3-362.7 362.6-88.9 15.7 15.6-89zM880 836H144c-17.7 0-32 14.3-32 32v36c0 4.4 3.6 8 8 8h784c4.4 0 8-3.6 8-8v-36c0-17.7-14.3-32-32-32z"
                  />
                </svg>
              </span>
            </span>
          </li>
          <li
            style="width: 33.333333333333336%;"
          >
            <span>
              <span
                aria-label="delete"
                class="anticon anticon-delete"
                role="img"
                style="font-size: 18px;"
                tabindex="-1"
              >
                <svg
                  aria-hidden="true"
                  data-icon="delete"
                  fill="currentColor"
                  focusable="false"
                  height="1em"
                  viewBox="64 64 896 896"
                  width="1em"
                >
                  <path
                    d="M360 184h-8c4.4 0 8-3.6 8-8v8h304v-8c0 4.4 3.6 8 8 8h-8v72h72v-80c0-35.3-28.7-64-64-64H352c-35.3 0-64 28.7-64 64v80h72v-72zm504 72H160c-17.7 0-32 14.3-32 32v32c0 4.4 3.6 8 8 8h60.4l24.7 523c1.6 34.1 29.8 61 63.9 61h454c34.2 0 62.3-26.8 63.9-61l24.7-523H888c4.4 0 8-3.6 8-8v-32c0-17.7-14.3-32-32-32zM731.3 840H292.7l-24.2-512h487l-24.2 512z"
                  />
                </svg>
              </span>
            </span>
          </li>
        </ul>
      </div>
    </div>
    <div>
      <div
        class="ant-card ant-card-bordered ant-card-small css-dev-only-do-not-override-ixblex"
        data-testid="todo-item"
      >
        <div
          class="ant-card-head"
        >
          <div
            class="ant-card-head-wrapper"
          >
            <div
              class="ant-card-head-title"
            >
              Title 2
            </div>
          </div>
        </div>
        <div
          class="ant-card-body"
        >
          <div
            class="ant-space css-dev-only-do-not-override-ixblex ant-space-vertical"
          >
            <div
              class="ant-space-item"
              style="margin-bottom: 24px;"
            >
              <span
                class="ant-typography css-dev-only-do-not-override-ixblex"
              >
                <i>
                  No description
                </i>
              </span>
            </div>
            <div
              class="ant-space-item"
            >
              <div
                class="ant-space css-dev-only-do-not-override-ixblex ant-space-horizontal ant-space-align-center"
              >
                <div
                  class="ant-space-item"
                  style="margin-right: 8px;"
                >
                  <span
                    aria-label="calendar"
                    class="anticon anticon-calendar"
                    role="img"
                  >
                    <svg
                      aria-hidden="true"
                      data-icon="calendar"
                      fill="currentColor"
                      focusable="false"
                      height="1em"
                      viewBox="64 64 896 896"
                      width="1em"
                    >
                      <path
                        d="M712 304c0 4.4-3.6 8-8 8h-56c-4.4 0-8-3.6-8-8v-48H384v48c0 4.4-3.6 8-8 8h-56c-4.4 0-8-3.6-8-8v-48H184v136h656V256H712v48z"
                        fill="#e6f7ff"
                      />
                      <path
                        d="M880 184H712v-64c0-4.4-3.6-8-8-8h-56c-4.4 0-8 3.6-8 8v64H384v-64c0-4.4-3.6-8-8-8h-56c-4.4 0-8 3.6-8 8v64H144c-17.7 0-32 14.3-32 32v664c0 17.7 14.3 32 32 32h736c17.7 0 32-14.3 32-32V216c0-17.7-14.3-32-32-32zm-40 656H184V460h656v380zm0-448H184V256h128v48c0 4.4 3.6 8 8 8h56c4.4 0 8-3.6 8-8v-48h256v48c0 4.4 3.6 8 8 8h56c4.4 0 8-3.6 8-8v-48h128v136z"
                        fill="#1890ff"
                      />
                    </svg>
                  </span>
                </div>
                <div
                  class="ant-space-item"
                >
                  <span
                    class="ant-typography css-dev-only-do-not-override-ixblex"
                  >
                    N/A
                  </span>
                </div>
              </div>
            </div>
          </div>
        </div>
        <ul
          class="ant-card-actions"
        >
          <li
            style="width: 33.333333333333336%;"
          >
            <span>
              <span
                aria-label="check-circle"
                class="anticon anticon-check-circle"
                role="img"
                style="font-size: 18px;"
                tabindex="-1"
              >
                <svg
                  aria-hidden="true"
                  data-icon="check-circle"
                  fill="currentColor"
                  focusable="false"
                  height="1em"
                  viewBox="64 64 896 896"
                  width="1em"
                >
                  <path
                    d="M699 353h-46.9c-10.2 0-19.9 4.9-25.9 13.3L469 584.3l-71.2-98.8c-6-8.3-15.6-13.3-25.9-13.3H325c-6.5 0-10.3 7.4-6.5 12.7l124.6 172.8a31.8 31.8 0 0051.7 0l210.6-292c3.9-5.3.1-12.7-6.4-12.7z"
                  />
                  <path
                    d="M512 64C264.6 64 64 264.6 64 512s200.6 448 448 448 448-200.6 448-448S759.4 64 512 64zm0 820c-205.4 0-372-166.6-372-372s166.6-372 372-372 372 166.6 372 372-166.6 372-372 372z"
                  />
                </svg>
              </span>
            </span>
          </li>
          <li
            style="width: 33.333333333333336%;"
          >
            <span>
              <span
                aria-label="edit"
                class="anticon anticon-edit"
                role="img"
                style="font-size: 18px;"
                tabindex="-1"
              >
                <svg
                  aria-hidden="true"
                  data-icon="edit"
                  fill="currentColor"
                  focusable="false"
                  height="1em"
                  viewBox="64 64 896 896"
                  width="1em"
                >
                  <path
                    d="M257.7 752c2 0 4-.2 6-.5L431.9 722c2-.4 3.9-1.3 5.3-2.8l423.9-423.9a9.96 9.96 0 000-14.1L694.9 114.9c-1.9-1.9-4.4-2.9-7.1-2.9s-5.2 1-7.1 2.9L256.8 538.8c-1.5 1.5-2.4 3.3-2.8 5.3l-29.5 168.2a33.5 33.5 0 009.4 29.8c6.6 6.4 14.9 9.9 23.8 9.9zm67.4-174.4L687.8 215l73.3 73.3-362.7 362.6-88.9 15.7 15.6-89zM880 836H144c-17.7 0-32 14.3-32 32v36c0 4.4 3.6 8 8 8h784c4.4 0 8-3.6 8-8v-36c0-17.7-14.3-32-32-32z"
                  />
                </svg>
              </span>
            </span>
          </li>
          <li
            style="width: 33.333333333333336%;"
          >
            <span>
              <span
                aria-label="delete"
                class="anticon anticon-delete"
                role="img"
                style="font-size: 18px;"
                tabindex="-1"
              >
                <svg
                  aria-hidden="true"
                  data-icon="delete"
                  fill="currentColor"
                  focusable="false"
                  height="1em"
                  viewBox="64 64 896 896"
                  width="1em"
                >
                  <path
                    d="M360 184h-8c4.4 0 8-3.6 8-8v8h304v-8c0 4.4 3.6 8 8 8h-8v72h72v-80c0-35.3-28.7-64-64-64H352c-35.3 0-64 28.7-64 64v80h72v-72zm504 72H160c-17.7 0-32 14.3-32 32v32c0 4.4 3.6 8 8 8h60.4l24.7 523c1.6 34.1 29.8 61 63.9 61h454c34.2 0 62.3-26.8 63.9-61l24.7-523H888c4.4 0 8-3.6 8-8v-32c0-17.7-14.3-32-32-32zM731.3 840H292.7l-24.2-512h487l-24.2 512z"
                  />
                </svg>
              </span>
            </span>
          </li>
        </ul>
      </div>
    </div>
    <div>
      <div
        class="ant-card ant-card-bordered ant-card-small card-done css-dev-only-do-not-override-ixblex"
        data-testid="todo-item"
      >
        <div
          class="ant-card-head"
        >
          <div
            class="ant-card-head-wrapper"
          >
            <div
              class="ant-card-head-title"
            >
              Title 3
            </div>
          </div>
        </div>
        <div
          class="ant-card-body"
        >
          <div
            class="ant-space css-dev-only-do-not-override-ixblex ant-space-vertical"
          >
            <div
              class="ant-space-item"
              style="margin-bottom: 24px;"
            >
              <span
                class="ant-typography css-dev-only-do-not-override-ixblex"
              >
                Description 3
              </span>
            </div>
            <div
              class="ant-space-item"
            >
              <div
                class="ant-space css-dev-only-do-not-override-ixblex ant-space-horizontal ant-space-align-center"
              >
                <div
                  class="ant-space-item"
                  style="margin-right: 8px;"
                >
                  <span
                    aria-label="calendar"
                    class="anticon anticon-calendar"
                    role="img"
                  >
                    <svg
                      aria-hidden="true"
                      data-icon="calendar"
                      fill="currentColor"
                      focusable="false"
                      height="1em"
                      viewBox="64 64 896 896"
                      width="1em"
                    >
                      <path
                        d="M712 304c0 4.4-3.6 8-8 8h-56c-4.4 0-8-3.6-8-8v-48H384v48c0 4.4-3.6 8-8 8h-56c-4.4 0-8-3.6-8-8v-48H184v136h656V256H712v48z"
                        fill="#e6f7ff"
                      />
                      <path
                        d="M880 184H712v-64c0-4.4-3.6-8-8-8h-56c-4.4 0-8 3.6-8 8v64H384v-64c0-4.4-3.6-8-8-8h-56c-4.4 0-8 3.6-8 8v64H144c-17.7 0-32 14.3-32 32v664c0 17.7 14.3 32 32 32h736c17.7 0 32-14.3 32-32V216c0-17.7-14.3-32-32-32zm-40 656H184V460h656v380zm0-448H184V256h128v48c0 4.4 3.6 8 8 8h56c4.4 0 8-3.6 8-8v-48h256v48c0 4.4 3.6 8 8 8h56c4.4 0 8-3.6 8-8v-48h128v136z"
                        fill="#1890ff"
                      />
                    </svg>
                  </span>
                </div>
                <div
                  class="ant-space-item"
                >
                  <span
                    class="ant-typography css-dev-only-do-not-override-ixblex"
                  >
                    03/01/2023
                  </span>
                </div>
              </div>
            </div>
          </div>
        </div>
        <ul
          class="ant-card-actions"
        >
          <li
            style="width: 33.333333333333336%;"
          >
            <span>
              <span
                aria-label="check-circle"
                class="anticon anticon-check-circle"
                role="img"
                style="font-size: 18px; color: rgb(82, 196, 26);"
                tabindex="-1"
              >
                <svg
                  aria-hidden="true"
                  data-icon="check-circle"
                  fill="currentColor"
                  focusable="false"
                  height="1em"
                  viewBox="64 64 896 896"
                  width="1em"
                >
                  <path
                    d="M699 353h-46.9c-10.2 0-19.9 4.9-25.9 13.3L469 584.3l-71.2-98.8c-6-8.3-15.6-13.3-25.9-13.3H325c-6.5 0-10.3 7.4-6.5 12.7l124.6 172.8a31.8 31.8 0 0051.7 0l210.6-292c3.9-5.3.1-12.7-6.4-12.7z"
                  />
                  <path
                    d="M512 64C264.6 64 64 264.6 64 512s200.6 448 448 448 448-200.6 448-448S759.4 64 512 64zm0 820c-205.4 0-372-166.6-372-372s166.6-372 372-372 372 166.6 372 372-166.6 372-372 372z"
                  />
                </svg>
              </span>
            </span>
          </li>
          <li
            style="width: 33.333333333333336%;"
          >
            <span>
              <span
                aria-label="edit"
                class="anticon anticon-edit"
                role="img"
                style="font-size: 18px;"
                tabindex="-1"
              >
                <svg
                  aria-hidden="true"
                  data-icon="edit"
                  fill="currentColor"
                  focusable="false"
                  height="1em"
                  viewBox="64 64 896 896"
                  width="1em"
                >
                  <path
                    d="M257.7 752c2 0 4-.2 6-.5L431.9 722c2-.4 3.9-1.3 5.3-2.8l423.9-423.9a9.96 9.96 0 000-14.1L694.9 114.9c-1.9-1.9-4.4-2.9-7.1-2.9s-5.2 1-7.1 2.9L256.8 538.8c-1.5 1.5-2.4 3.3-2.8 5.3l-29.5 168.2a33.5 33.5 0 009.4 29.8c6.6 6.4 14.9 9.9 23.8 9.9zm67.4-174.4L687.8 215l73.3 73.3-362.7 362.6-88.9 15.7 15.6-89zM880 836H144c-17.7 0-32 14.3-32 32v36c0 4.4 3.6 8 8 8h784c4.4 0 8-3.6 8-8v-36c0-17.7-14.3-32-32-32z"
                  />
                </svg>
              </span>
            </span>
          </li>
          <li
            style="width: 33.333333333333336%;"
          >
            <span>
              <span
                aria-label="delete"
                class="anticon anticon-delete"
                role="img"
                style="font-size: 18px;"
                tabindex="-1"
              >
                <svg
                  aria-hidden="true"
                  data-icon="delete"
                  fill="currentColor"
                  focusable="false"
                  height="1em"
                  viewBox="64 64 896 896"
                  width="1em"
                >
                  <path
                    d="M360 184h-8c4.4 0 8-3.6 8-8v8h304v-8c0 4.4 3.6 8 8 8h-8v72h72v-80c0-35.3-28.7-64-64-64H352c-35.3 0-64 28.7-64 64v80h72v-72zm504 72H160c-17.7 0-32 14.3-32 32v32c0 4.4 3.6 8 8 8h60.4l24.7 523c1.6 34.1 29.8 61 63.9 61h454c34.2 0 62.3-26.8 63.9-61l24.7-523H888c4.4 0 8-3.6 8-8v-32c0-17.7-14.3-32-32-32zM731.3 840H292.7l-24.2-512h487l-24.2 512z"
                  />
                </svg>
              </span>
            </span>
          </li>
        </ul>
      </div>
    </div>
  </body>,
  "container": <div>
    <div
      class="ant-card ant-card-bordered ant-card-small css-dev-only-do-not-override-ixblex"
      data-testid="todo-item"
    >
      <div
        class="ant-card-head"
      >
        <div
          class="ant-card-head-wrapper"
        >
          <div
            class="ant-card-head-title"
          >
            Title 1
          </div>
          <div
            class="ant-card-extra"
          >
            <span
              class="ant-badge ant-badge-status ant-badge-not-a-wrapper css-dev-only-do-not-override-ixblex"
            >
              <span
                class="ant-badge-status-dot ant-badge-status-processing"
                style="color: rgb(245, 34, 45); background: rgb(245, 34, 45);"
              />
            </span>
          </div>
        </div>
      </div>
      <div
        class="ant-card-body"
      >
        <div
          class="ant-space css-dev-only-do-not-override-ixblex ant-space-vertical"
        >
          <div
            class="ant-space-item"
            style="margin-bottom: 24px;"
          >
            <span
              class="ant-typography css-dev-only-do-not-override-ixblex"
            >
              Description 1
            </span>
          </div>
          <div
            class="ant-space-item"
          >
            <div
              class="ant-space css-dev-only-do-not-override-ixblex ant-space-horizontal ant-space-align-center"
            >
              <div
                class="ant-space-item"
                style="margin-right: 8px;"
              >
                <span
                  aria-label="calendar"
                  class="anticon anticon-calendar"
                  role="img"
                >
                  <svg
                    aria-hidden="true"
                    data-icon="calendar"
                    fill="currentColor"
                    focusable="false"
                    height="1em"
                    viewBox="64 64 896 896"
                    width="1em"
                  >
                    <path
                      d="M712 304c0 4.4-3.6 8-8 8h-56c-4.4 0-8-3.6-8-8v-48H384v48c0 4.4-3.6 8-8 8h-56c-4.4 0-8-3.6-8-8v-48H184v136h656V256H712v48z"
                      fill="#e6f7ff"
                    />
                    <path
                      d="M880 184H712v-64c0-4.4-3.6-8-8-8h-56c-4.4 0-8 3.6-8 8v64H384v-64c0-4.4-3.6-8-8-8h-56c-4.4 0-8 3.6-8 8v64H144c-17.7 0-32 14.3-32 32v664c0 17.7 14.3 32 32 32h736c17.7 0 32-14.3 32-32V216c0-17.7-14.3-32-32-32zm-40 656H184V460h656v380zm0-448H184V256h128v48c0 4.4 3.6 8 8 8h56c4.4 0 8-3.6 8-8v-48h256v48c0 4.4 3.6 8 8 8h56c4.4 0 8-3.6 8-8v-48h128v136z"
                      fill="#1890ff"
                    />
                  </svg>
                </span>
              </div>
              <div
                class="ant-space-item"
              >
                <span
                  class="ant-typography css-dev-only-do-not-override-ixblex"
                >
                  01/01/2023
                </span>
              </div>
            </div>
          </div>
        </div>
      </div>
      <ul
        class="ant-card-actions"
      >
        <li
          style="width: 33.333333333333336%;"
        >
          <span>
            <span
              aria-label="check-circle"
              class="anticon anticon-check-circle"
              role="img"
              style="font-size: 18px;"
              tabindex="-1"
            >
              <svg
                aria-hidden="true"
                data-icon="check-circle"
                fill="currentColor"
                focusable="false"
                height="1em"
                viewBox="64 64 896 896"
                width="1em"
              >
                <path
                  d="M699 353h-46.9c-10.2 0-19.9 4.9-25.9 13.3L469 584.3l-71.2-98.8c-6-8.3-15.6-13.3-25.9-13.3H325c-6.5 0-10.3 7.4-6.5 12.7l124.6 172.8a31.8 31.8 0 0051.7 0l210.6-292c3.9-5.3.1-12.7-6.4-12.7z"
                />
                <path
                  d="M512 64C264.6 64 64 264.6 64 512s200.6 448 448 448 448-200.6 448-448S759.4 64 512 64zm0 820c-205.4 0-372-166.6-372-372s166.6-372 372-372 372 166.6 372 372-166.6 372-372 372z"
                />
              </svg>
            </span>
          </span>
        </li>
        <li
          style="width: 33.333333333333336%;"
        >
          <span>
            <span
              aria-label="edit"
              class="anticon anticon-edit"
              role="img"
              style="font-size: 18px;"
              tabindex="-1"
            >
              <svg
                aria-hidden="true"
                data-icon="edit"
                fill="currentColor"
                focusable="false"
                height="1em"
                viewBox="64 64 896 896"
                width="1em"
              >
                <path
                  d="M257.7 752c2 0 4-.2 6-.5L431.9 722c2-.4 3.9-1.3 5.3-2.8l423.9-423.9a9.96 9.96 0 000-14.1L694.9 114.9c-1.9-1.9-4.4-2.9-7.1-2.9s-5.2 1-7.1 2.9L256.8 538.8c-1.5 1.5-2.4 3.3-2.8 5.3l-29.5 168.2a33.5 33.5 0 009.4 29.8c6.6 6.4 14.9 9.9 23.8 9.9zm67.4-174.4L687.8 215l73.3 73.3-362.7 362.6-88.9 15.7 15.6-89zM880 836H144c-17.7 0-32 14.3-32 32v36c0 4.4 3.6 8 8 8h784c4.4 0 8-3.6 8-8v-36c0-17.7-14.3-32-32-32z"
                />
              </svg>
            </span>
          </span>
        </li>
        <li
          style="width: 33.333333333333336%;"
        >
          <span>
            <span
              aria-label="delete"
              class="anticon anticon-delete"
              role="img"
              style="font-size: 18px;"
              tabindex="-1"
            >
              <svg
                aria-hidden="true"
                data-icon="delete"
                fill="currentColor"
                focusable="false"
                height="1em"
                viewBox="64 64 896 896"
                width="1em"
              >
                <path
                  d="M360 184h-8c4.4 0 8-3.6 8-8v8h304v-8c0 4.4 3.6 8 8 8h-8v72h72v-80c0-35.3-28.7-64-64-64H352c-35.3 0-64 28.7-64 64v80h72v-72zm504 72H160c-17.7 0-32 14.3-32 32v32c0 4.4 3.6 8 8 8h60.4l24.7 523c1.6 34.1 29.8 61 63.9 61h454c34.2 0 62.3-26.8 63.9-61l24.7-523H888c4.4 0 8-3.6 8-8v-32c0-17.7-14.3-32-32-32zM731.3 840H292.7l-24.2-512h487l-24.2 512z"
                />
              </svg>
            </span>
          </span>
        </li>
      </ul>
    </div>
  </div>,
  "debug": [Function],
  "findAllByAltText": [Function],
  "findAllByDisplayValue": [Function],
  "findAllByLabelText": [Function],
  "findAllByPlaceholderText": [Function],
  "findAllByRole": [Function],
  "findAllByTestId": [Function],
  "findAllByText": [Function],
  "findAllByTitle": [Function],
  "findByAltText": [Function],
  "findByDisplayValue": [Function],
  "findByLabelText": [Function],
  "findByPlaceholderText": [Function],
  "findByRole": [Function],
  "findByTestId": [Function],
  "findByText": [Function],
  "findByTitle": [Function],
  "getAllByAltText": [Function],
  "getAllByDisplayValue": [Function],
  "getAllByLabelText": [Function],
  "getAllByPlaceholderText": [Function],
  "getAllByRole": [Function],
  "getAllByTestId": [Function],
  "getAllByText": [Function],
  "getAllByTitle": [Function],
  "getByAltText": [Function],
  "getByDisplayValue": [Function],
  "getByLabelText": [Function],
  "getByPlaceholderText": [Function],
  "getByRole": [Function],
  "getByTestId": [Function],
  "getByText": [Function],
  "getByTitle": [Function],
  "queryAllByAltText": [Function],
  "queryAllByDisplayValue": [Function],
  "queryAllByLabelText": [Function],
  "queryAllByPlaceholderText": [Function],
  "queryAllByRole": [Function],
  "queryAllByTestId": [Function],
  "queryAllByText": [Function],
  "queryAllByTitle": [Function],
  "queryByAltText": [Function],
  "queryByDisplayValue": [Function],
  "queryByLabelText": [Function],
  "queryByPlaceholderText": [Function],
  "queryByRole": [Function],
  "queryByTestId": [Function],
  "queryByText": [Function],
  "queryByTitle": [Function],
  "rerender": [Function],
  "unmount": [Function],
}
`;

exports[`TodoItem renders without change 2`] = `
{
  "asFragment": [Function],
  "baseElement": <body>
    <div>
      <div
        class="ant-card ant-card-bordered ant-card-small css-dev-only-do-not-override-ixblex"
        data-testid="todo-item"
      >
        <div
          class="ant-card-head"
        >
          <div
            class="ant-card-head-wrapper"
          >
            <div
              class="ant-card-head-title"
            >
              Title 1
            </div>
            <div
              class="ant-card-extra"
            >
              <span
                class="ant-badge ant-badge-status ant-badge-not-a-wrapper css-dev-only-do-not-override-ixblex"
              >
                <span
                  class="ant-badge-status-dot ant-badge-status-processing"
                  style="color: rgb(245, 34, 45); background: rgb(245, 34, 45);"
                />
              </span>
            </div>
          </div>
        </div>
        <div
          class="ant-card-body"
        >
          <div
            class="ant-space css-dev-only-do-not-override-ixblex ant-space-vertical"
          >
            <div
              class="ant-space-item"
              style="margin-bottom: 24px;"
            >
              <span
                class="ant-typography css-dev-only-do-not-override-ixblex"
              >
                Description 1
              </span>
            </div>
            <div
              class="ant-space-item"
            >
              <div
                class="ant-space css-dev-only-do-not-override-ixblex ant-space-horizontal ant-space-align-center"
              >
                <div
                  class="ant-space-item"
                  style="margin-right: 8px;"
                >
                  <span
                    aria-label="calendar"
                    class="anticon anticon-calendar"
                    role="img"
                  >
                    <svg
                      aria-hidden="true"
                      data-icon="calendar"
                      fill="currentColor"
                      focusable="false"
                      height="1em"
                      viewBox="64 64 896 896"
                      width="1em"
                    >
                      <path
                        d="M712 304c0 4.4-3.6 8-8 8h-56c-4.4 0-8-3.6-8-8v-48H384v48c0 4.4-3.6 8-8 8h-56c-4.4 0-8-3.6-8-8v-48H184v136h656V256H712v48z"
                        fill="#e6f7ff"
                      />
                      <path
                        d="M880 184H712v-64c0-4.4-3.6-8-8-8h-56c-4.4 0-8 3.6-8 8v64H384v-64c0-4.4-3.6-8-8-8h-56c-4.4 0-8 3.6-8 8v64H144c-17.7 0-32 14.3-32 32v664c0 17.7 14.3 32 32 32h736c17.7 0 32-14.3 32-32V216c0-17.7-14.3-32-32-32zm-40 656H184V460h656v380zm0-448H184V256h128v48c0 4.4 3.6 8 8 8h56c4.4 0 8-3.6 8-8v-48h256v48c0 4.4 3.6 8 8 8h56c4.4 0 8-3.6 8-8v-48h128v136z"
                        fill="#1890ff"
                      />
                    </svg>
                  </span>
                </div>
                <div
                  class="ant-space-item"
                >
                  <span
                    class="ant-typography css-dev-only-do-not-override-ixblex"
                  >
                    01/01/2023
                  </span>
                </div>
              </div>
            </div>
          </div>
        </div>
        <ul
          class="ant-card-actions"
        >
          <li
            style="width: 33.333333333333336%;"
          >
            <span>
              <span
                aria-label="check-circle"
                class="anticon anticon-check-circle"
                role="img"
                style="font-size: 18px;"
                tabindex="-1"
              >
                <svg
                  aria-hidden="true"
                  data-icon="check-circle"
                  fill="currentColor"
                  focusable="false"
                  height="1em"
                  viewBox="64 64 896 896"
                  width="1em"
                >
                  <path
                    d="M699 353h-46.9c-10.2 0-19.9 4.9-25.9 13.3L469 584.3l-71.2-98.8c-6-8.3-15.6-13.3-25.9-13.3H325c-6.5 0-10.3 7.4-6.5 12.7l124.6 172.8a31.8 31.8 0 0051.7 0l210.6-292c3.9-5.3.1-12.7-6.4-12.7z"
                  />
                  <path
                    d="M512 64C264.6 64 64 264.6 64 512s200.6 448 448 448 448-200.6 448-448S759.4 64 512 64zm0 820c-205.4 0-372-166.6-372-372s166.6-372 372-372 372 166.6 372 372-166.6 372-372 372z"
                  />
                </svg>
              </span>
            </span>
          </li>
          <li
            style="width: 33.333333333333336%;"
          >
            <span>
              <span
                aria-label="edit"
                class="anticon anticon-edit"
                role="img"
                style="font-size: 18px;"
                tabindex="-1"
              >
                <svg
                  aria-hidden="true"
                  data-icon="edit"
                  fill="currentColor"
                  focusable="false"
                  height="1em"
                  viewBox="64 64 896 896"
                  width="1em"
                >
                  <path
                    d="M257.7 752c2 0 4-.2 6-.5L431.9 722c2-.4 3.9-1.3 5.3-2.8l423.9-423.9a9.96 9.96 0 000-14.1L694.9 114.9c-1.9-1.9-4.4-2.9-7.1-2.9s-5.2 1-7.1 2.9L256.8 538.8c-1.5 1.5-2.4 3.3-2.8 5.3l-29.5 168.2a33.5 33.5 0 009.4 29.8c6.6 6.4 14.9 9.9 23.8 9.9zm67.4-174.4L687.8 215l73.3 73.3-362.7 362.6-88.9 15.7 15.6-89zM880 836H144c-17.7 0-32 14.3-32 32v36c0 4.4 3.6 8 8 8h784c4.4 0 8-3.6 8-8v-36c0-17.7-14.3-32-32-32z"
                  />
                </svg>
              </span>
            </span>
          </li>
          <li
            style="width: 33.333333333333336%;"
          >
            <span>
              <span
                aria-label="delete"
                class="anticon anticon-delete"
                role="img"
                style="font-size: 18px;"
                tabindex="-1"
              >
                <svg
                  aria-hidden="true"
                  data-icon="delete"
                  fill="currentColor"
                  focusable="false"
                  height="1em"
                  viewBox="64 64 896 896"
                  width="1em"
                >
                  <path
                    d="M360 184h-8c4.4 0 8-3.6 8-8v8h304v-8c0 4.4 3.6 8 8 8h-8v72h72v-80c0-35.3-28.7-64-64-64H352c-35.3 0-64 28.7-64 64v80h72v-72zm504 72H160c-17.7 0-32 14.3-32 32v32c0 4.4 3.6 8 8 8h60.4l24.7 523c1.6 34.1 29.8 61 63.9 61h454c34.2 0 62.3-26.8 63.9-61l24.7-523H888c4.4 0 8-3.6 8-8v-32c0-17.7-14.3-32-32-32zM731.3 840H292.7l-24.2-512h487l-24.2 512z"
                  />
                </svg>
              </span>
            </span>
          </li>
        </ul>
      </div>
    </div>
    <div>
      <div
        class="ant-card ant-card-bordered ant-card-small css-dev-only-do-not-override-ixblex"
        data-testid="todo-item"
      >
        <div
          class="ant-card-head"
        >
          <div
            class="ant-card-head-wrapper"
          >
            <div
              class="ant-card-head-title"
            >
              Title 2
            </div>
          </div>
        </div>
        <div
          class="ant-card-body"
        >
          <div
            class="ant-space css-dev-only-do-not-override-ixblex ant-space-vertical"
          >
            <div
              class="ant-space-item"
              style="margin-bottom: 24px;"
            >
              <span
                class="ant-typography css-dev-only-do-not-override-ixblex"
              >
                <i>
                  No description
                </i>
              </span>
            </div>
            <div
              class="ant-space-item"
            >
              <div
                class="ant-space css-dev-only-do-not-override-ixblex ant-space-horizontal ant-space-align-center"
              >
                <div
                  class="ant-space-item"
                  style="margin-right: 8px;"
                >
                  <span
                    aria-label="calendar"
                    class="anticon anticon-calendar"
                    role="img"
                  >
                    <svg
                      aria-hidden="true"
                      data-icon="calendar"
                      fill="currentColor"
                      focusable="false"
                      height="1em"
                      viewBox="64 64 896 896"
                      width="1em"
                    >
                      <path
                        d="M712 304c0 4.4-3.6 8-8 8h-56c-4.4 0-8-3.6-8-8v-48H384v48c0 4.4-3.6 8-8 8h-56c-4.4 0-8-3.6-8-8v-48H184v136h656V256H712v48z"
                        fill="#e6f7ff"
                      />
                      <path
                        d="M880 184H712v-64c0-4.4-3.6-8-8-8h-56c-4.4 0-8 3.6-8 8v64H384v-64c0-4.4-3.6-8-8-8h-56c-4.4 0-8 3.6-8 8v64H144c-17.7 0-32 14.3-32 32v664c0 17.7 14.3 32 32 32h736c17.7 0 32-14.3 32-32V216c0-17.7-14.3-32-32-32zm-40 656H184V460h656v380zm0-448H184V256h128v48c0 4.4 3.6 8 8 8h56c4.4 0 8-3.6 8-8v-48h256v48c0 4.4 3.6 8 8 8h56c4.4 0 8-3.6 8-8v-48h128v136z"
                        fill="#1890ff"
                      />
                    </svg>
                  </span>
                </div>
                <div
                  class="ant-space-item"
                >
                  <span
                    class="ant-typography css-dev-only-do-not-override-ixblex"
                  >
                    N/A
                  </span>
                </div>
              </div>
            </div>
          </div>
        </div>
        <ul
          class="ant-card-actions"
        >
          <li
            style="width: 33.333333333333336%;"
          >
            <span>
              <span
                aria-label="check-circle"
                class="anticon anticon-check-circle"
                role="img"
                style="font-size: 18px;"
                tabindex="-1"
              >
                <svg
                  aria-hidden="true"
                  data-icon="check-circle"
                  fill="currentColor"
                  focusable="false"
                  height="1em"
                  viewBox="64 64 896 896"
                  width="1em"
                >
                  <path
                    d="M699 353h-46.9c-10.2 0-19.9 4.9-25.9 13.3L469 584.3l-71.2-98.8c-6-8.3-15.6-13.3-25.9-13.3H325c-6.5 0-10.3 7.4-6.5 12.7l124.6 172.8a31.8 31.8 0 0051.7 0l210.6-292c3.9-5.3.1-12.7-6.4-12.7z"
                  />
                  <path
                    d="M512 64C264.6 64 64 264.6 64 512s200.6 448 448 448 448-200.6 448-448S759.4 64 512 64zm0 820c-205.4 0-372-166.6-372-372s166.6-372 372-372 372 166.6 372 372-166.6 372-372 372z"
                  />
                </svg>
              </span>
            </span>
          </li>
          <li
            style="width: 33.333333333333336%;"
          >
            <span>
              <span
                aria-label="edit"
                class="anticon anticon-edit"
                role="img"
                style="font-size: 18px;"
                tabindex="-1"
              >
                <svg
                  aria-hidden="true"
                  data-icon="edit"
                  fill="currentColor"
                  focusable="false"
                  height="1em"
                  viewBox="64 64 896 896"
                  width="1em"
                >
                  <path
                    d="M257.7 752c2 0 4-.2 6-.5L431.9 722c2-.4 3.9-1.3 5.3-2.8l423.9-423.9a9.96 9.96 0 000-14.1L694.9 114.9c-1.9-1.9-4.4-2.9-7.1-2.9s-5.2 1-7.1 2.9L256.8 538.8c-1.5 1.5-2.4 3.3-2.8 5.3l-29.5 168.2a33.5 33.5 0 009.4 29.8c6.6 6.4 14.9 9.9 23.8 9.9zm67.4-174.4L687.8 215l73.3 73.3-362.7 362.6-88.9 15.7 15.6-89zM880 836H144c-17.7 0-32 14.3-32 32v36c0 4.4 3.6 8 8 8h784c4.4 0 8-3.6 8-8v-36c0-17.7-14.3-32-32-32z"
                  />
                </svg>
              </span>
            </span>
          </li>
          <li
            style="width: 33.333333333333336%;"
          >
            <span>
              <span
                aria-label="delete"
                class="anticon anticon-delete"
                role="img"
                style="font-size: 18px;"
                tabindex="-1"
              >
                <svg
                  aria-hidden="true"
                  data-icon="delete"
                  fill="currentColor"
                  focusable="false"
                  height="1em"
                  viewBox="64 64 896 896"
                  width="1em"
                >
                  <path
                    d="M360 184h-8c4.4 0 8-3.6 8-8v8h304v-8c0 4.4 3.6 8 8 8h-8v72h72v-80c0-35.3-28.7-64-64-64H352c-35.3 0-64 28.7-64 64v80h72v-72zm504 72H160c-17.7 0-32 14.3-32 32v32c0 4.4 3.6 8 8 8h60.4l24.7 523c1.6 34.1 29.8 61 63.9 61h454c34.2 0 62.3-26.8 63.9-61l24.7-523H888c4.4 0 8-3.6 8-8v-32c0-17.7-14.3-32-32-32zM731.3 840H292.7l-24.2-512h487l-24.2 512z"
                  />
                </svg>
              </span>
            </span>
          </li>
        </ul>
      </div>
    </div>
    <div>
      <div
        class="ant-card ant-card-bordered ant-card-small card-done css-dev-only-do-not-override-ixblex"
        data-testid="todo-item"
      >
        <div
          class="ant-card-head"
        >
          <div
            class="ant-card-head-wrapper"
          >
            <div
              class="ant-card-head-title"
            >
              Title 3
            </div>
          </div>
        </div>
        <div
          class="ant-card-body"
        >
          <div
            class="ant-space css-dev-only-do-not-override-ixblex ant-space-vertical"
          >
            <div
              class="ant-space-item"
              style="margin-bottom: 24px;"
            >
              <span
                class="ant-typography css-dev-only-do-not-override-ixblex"
              >
                Description 3
              </span>
            </div>
            <div
              class="ant-space-item"
            >
              <div
                class="ant-space css-dev-only-do-not-override-ixblex ant-space-horizontal ant-space-align-center"
              >
                <div
                  class="ant-space-item"
                  style="margin-right: 8px;"
                >
                  <span
                    aria-label="calendar"
                    class="anticon anticon-calendar"
                    role="img"
                  >
                    <svg
                      aria-hidden="true"
                      data-icon="calendar"
                      fill="currentColor"
                      focusable="false"
                      height="1em"
                      viewBox="64 64 896 896"
                      width="1em"
                    >
                      <path
                        d="M712 304c0 4.4-3.6 8-8 8h-56c-4.4 0-8-3.6-8-8v-48H384v48c0 4.4-3.6 8-8 8h-56c-4.4 0-8-3.6-8-8v-48H184v136h656V256H712v48z"
                        fill="#e6f7ff"
                      />
                      <path
                        d="M880 184H712v-64c0-4.4-3.6-8-8-8h-56c-4.4 0-8 3.6-8 8v64H384v-64c0-4.4-3.6-8-8-8h-56c-4.4 0-8 3.6-8 8v64H144c-17.7 0-32 14.3-32 32v664c0 17.7 14.3 32 32 32h736c17.7 0 32-14.3 32-32V216c0-17.7-14.3-32-32-32zm-40 656H184V460h656v380zm0-448H184V256h128v48c0 4.4 3.6 8 8 8h56c4.4 0 8-3.6 8-8v-48h256v48c0 4.4 3.6 8 8 8h56c4.4 0 8-3.6 8-8v-48h128v136z"
                        fill="#1890ff"
                      />
                    </svg>
                  </span>
                </div>
                <div
                  class="ant-space-item"
                >
                  <span
                    class="ant-typography css-dev-only-do-not-override-ixblex"
                  >
                    03/01/2023
                  </span>
                </div>
              </div>
            </div>
          </div>
        </div>
        <ul
          class="ant-card-actions"
        >
          <li
            style="width: 33.333333333333336%;"
          >
            <span>
              <span
                aria-label="check-circle"
                class="anticon anticon-check-circle"
                role="img"
                style="font-size: 18px; color: rgb(82, 196, 26);"
                tabindex="-1"
              >
                <svg
                  aria-hidden="true"
                  data-icon="check-circle"
                  fill="currentColor"
                  focusable="false"
                  height="1em"
                  viewBox="64 64 896 896"
                  width="1em"
                >
                  <path
                    d="M699 353h-46.9c-10.2 0-19.9 4.9-25.9 13.3L469 584.3l-71.2-98.8c-6-8.3-15.6-13.3-25.9-13.3H325c-6.5 0-10.3 7.4-6.5 12.7l124.6 172.8a31.8 31.8 0 0051.7 0l210.6-292c3.9-5.3.1-12.7-6.4-12.7z"
                  />
                  <path
                    d="M512 64C264.6 64 64 264.6 64 512s200.6 448 448 448 448-200.6 448-448S759.4 64 512 64zm0 820c-205.4 0-372-166.6-372-372s166.6-372 372-372 372 166.6 372 372-166.6 372-372 372z"
                  />
                </svg>
              </span>
            </span>
          </li>
          <li
            style="width: 33.333333333333336%;"
          >
            <span>
              <span
                aria-label="edit"
                class="anticon anticon-edit"
                role="img"
                style="font-size: 18px;"
                tabindex="-1"
              >
                <svg
                  aria-hidden="true"
                  data-icon="edit"
                  fill="currentColor"
                  focusable="false"
                  height="1em"
                  viewBox="64 64 896 896"
                  width="1em"
                >
                  <path
                    d="M257.7 752c2 0 4-.2 6-.5L431.9 722c2-.4 3.9-1.3 5.3-2.8l423.9-423.9a9.96 9.96 0 000-14.1L694.9 114.9c-1.9-1.9-4.4-2.9-7.1-2.9s-5.2 1-7.1 2.9L256.8 538.8c-1.5 1.5-2.4 3.3-2.8 5.3l-29.5 168.2a33.5 33.5 0 009.4 29.8c6.6 6.4 14.9 9.9 23.8 9.9zm67.4-174.4L687.8 215l73.3 73.3-362.7 362.6-88.9 15.7 15.6-89zM880 836H144c-17.7 0-32 14.3-32 32v36c0 4.4 3.6 8 8 8h784c4.4 0 8-3.6 8-8v-36c0-17.7-14.3-32-32-32z"
                  />
                </svg>
              </span>
            </span>
          </li>
          <li
            style="width: 33.333333333333336%;"
          >
            <span>
              <span
                aria-label="delete"
                class="anticon anticon-delete"
                role="img"
                style="font-size: 18px;"
                tabindex="-1"
              >
                <svg
                  aria-hidden="true"
                  data-icon="delete"
                  fill="currentColor"
                  focusable="false"
                  height="1em"
                  viewBox="64 64 896 896"
                  width="1em"
                >
                  <path
                    d="M360 184h-8c4.4 0 8-3.6 8-8v8h304v-8c0 4.4 3.6 8 8 8h-8v72h72v-80c0-35.3-28.7-64-64-64H352c-35.3 0-64 28.7-64 64v80h72v-72zm504 72H160c-17.7 0-32 14.3-32 32v32c0 4.4 3.6 8 8 8h60.4l24.7 523c1.6 34.1 29.8 61 63.9 61h454c34.2 0 62.3-26.8 63.9-61l24.7-523H888c4.4 0 8-3.6 8-8v-32c0-17.7-14.3-32-32-32zM731.3 840H292.7l-24.2-512h487l-24.2 512z"
                  />
                </svg>
              </span>
            </span>
          </li>
        </ul>
      </div>
    </div>
  </body>,
  "container": <div>
    <div
      class="ant-card ant-card-bordered ant-card-small css-dev-only-do-not-override-ixblex"
      data-testid="todo-item"
    >
      <div
        class="ant-card-head"
      >
        <div
          class="ant-card-head-wrapper"
        >
          <div
            class="ant-card-head-title"
          >
            Title 2
          </div>
        </div>
      </div>
      <div
        class="ant-card-body"
      >
        <div
          class="ant-space css-dev-only-do-not-override-ixblex ant-space-vertical"
        >
          <div
            class="ant-space-item"
            style="margin-bottom: 24px;"
          >
            <span
              class="ant-typography css-dev-only-do-not-override-ixblex"
            >
              <i>
                No description
              </i>
            </span>
          </div>
          <div
            class="ant-space-item"
          >
            <div
              class="ant-space css-dev-only-do-not-override-ixblex ant-space-horizontal ant-space-align-center"
            >
              <div
                class="ant-space-item"
                style="margin-right: 8px;"
              >
                <span
                  aria-label="calendar"
                  class="anticon anticon-calendar"
                  role="img"
                >
                  <svg
                    aria-hidden="true"
                    data-icon="calendar"
                    fill="currentColor"
                    focusable="false"
                    height="1em"
                    viewBox="64 64 896 896"
                    width="1em"
                  >
                    <path
                      d="M712 304c0 4.4-3.6 8-8 8h-56c-4.4 0-8-3.6-8-8v-48H384v48c0 4.4-3.6 8-8 8h-56c-4.4 0-8-3.6-8-8v-48H184v136h656V256H712v48z"
                      fill="#e6f7ff"
                    />
                    <path
                      d="M880 184H712v-64c0-4.4-3.6-8-8-8h-56c-4.4 0-8 3.6-8 8v64H384v-64c0-4.4-3.6-8-8-8h-56c-4.4 0-8 3.6-8 8v64H144c-17.7 0-32 14.3-32 32v664c0 17.7 14.3 32 32 32h736c17.7 0 32-14.3 32-32V216c0-17.7-14.3-32-32-32zm-40 656H184V460h656v380zm0-448H184V256h128v48c0 4.4 3.6 8 8 8h56c4.4 0 8-3.6 8-8v-48h256v48c0 4.4 3.6 8 8 8h56c4.4 0 8-3.6 8-8v-48h128v136z"
                      fill="#1890ff"
                    />
                  </svg>
                </span>
              </div>
              <div
                class="ant-space-item"
              >
                <span
                  class="ant-typography css-dev-only-do-not-override-ixblex"
                >
                  N/A
                </span>
              </div>
            </div>
          </div>
        </div>
      </div>
      <ul
        class="ant-card-actions"
      >
        <li
          style="width: 33.333333333333336%;"
        >
          <span>
            <span
              aria-label="check-circle"
              class="anticon anticon-check-circle"
              role="img"
              style="font-size: 18px;"
              tabindex="-1"
            >
              <svg
                aria-hidden="true"
                data-icon="check-circle"
                fill="currentColor"
                focusable="false"
                height="1em"
                viewBox="64 64 896 896"
                width="1em"
              >
                <path
                  d="M699 353h-46.9c-10.2 0-19.9 4.9-25.9 13.3L469 584.3l-71.2-98.8c-6-8.3-15.6-13.3-25.9-13.3H325c-6.5 0-10.3 7.4-6.5 12.7l124.6 172.8a31.8 31.8 0 0051.7 0l210.6-292c3.9-5.3.1-12.7-6.4-12.7z"
                />
                <path
                  d="M512 64C264.6 64 64 264.6 64 512s200.6 448 448 448 448-200.6 448-448S759.4 64 512 64zm0 820c-205.4 0-372-166.6-372-372s166.6-372 372-372 372 166.6 372 372-166.6 372-372 372z"
                />
              </svg>
            </span>
          </span>
        </li>
        <li
          style="width: 33.333333333333336%;"
        >
          <span>
            <span
              aria-label="edit"
              class="anticon anticon-edit"
              role="img"
              style="font-size: 18px;"
              tabindex="-1"
            >
              <svg
                aria-hidden="true"
                data-icon="edit"
                fill="currentColor"
                focusable="false"
                height="1em"
                viewBox="64 64 896 896"
                width="1em"
              >
                <path
                  d="M257.7 752c2 0 4-.2 6-.5L431.9 722c2-.4 3.9-1.3 5.3-2.8l423.9-423.9a9.96 9.96 0 000-14.1L694.9 114.9c-1.9-1.9-4.4-2.9-7.1-2.9s-5.2 1-7.1 2.9L256.8 538.8c-1.5 1.5-2.4 3.3-2.8 5.3l-29.5 168.2a33.5 33.5 0 009.4 29.8c6.6 6.4 14.9 9.9 23.8 9.9zm67.4-174.4L687.8 215l73.3 73.3-362.7 362.6-88.9 15.7 15.6-89zM880 836H144c-17.7 0-32 14.3-32 32v36c0 4.4 3.6 8 8 8h784c4.4 0 8-3.6 8-8v-36c0-17.7-14.3-32-32-32z"
                />
              </svg>
            </span>
          </span>
        </li>
        <li
          style="width: 33.333333333333336%;"
        >
          <span>
            <span
              aria-label="delete"
              class="anticon anticon-delete"
              role="img"
              style="font-size: 18px;"
              tabindex="-1"
            >
              <svg
                aria-hidden="true"
                data-icon="delete"
                fill="currentColor"
                focusable="false"
                height="1em"
                viewBox="64 64 896 896"
                width="1em"
              >
                <path
                  d="M360 184h-8c4.4 0 8-3.6 8-8v8h304v-8c0 4.4 3.6 8 8 8h-8v72h72v-80c0-35.3-28.7-64-64-64H352c-35.3 0-64 28.7-64 64v80h72v-72zm504 72H160c-17.7 0-32 14.3-32 32v32c0 4.4 3.6 8 8 8h60.4l24.7 523c1.6 34.1 29.8 61 63.9 61h454c34.2 0 62.3-26.8 63.9-61l24.7-523H888c4.4 0 8-3.6 8-8v-32c0-17.7-14.3-32-32-32zM731.3 840H292.7l-24.2-512h487l-24.2 512z"
                />
              </svg>
            </span>
          </span>
        </li>
      </ul>
    </div>
  </div>,
  "debug": [Function],
  "findAllByAltText": [Function],
  "findAllByDisplayValue": [Function],
  "findAllByLabelText": [Function],
  "findAllByPlaceholderText": [Function],
  "findAllByRole": [Function],
  "findAllByTestId": [Function],
  "findAllByText": [Function],
  "findAllByTitle": [Function],
  "findByAltText": [Function],
  "findByDisplayValue": [Function],
  "findByLabelText": [Function],
  "findByPlaceholderText": [Function],
  "findByRole": [Function],
  "findByTestId": [Function],
  "findByText": [Function],
  "findByTitle": [Function],
  "getAllByAltText": [Function],
  "getAllByDisplayValue": [Function],
  "getAllByLabelText": [Function],
  "getAllByPlaceholderText": [Function],
  "getAllByRole": [Function],
  "getAllByTestId": [Function],
  "getAllByText": [Function],
  "getAllByTitle": [Function],
  "getByAltText": [Function],
  "getByDisplayValue": [Function],
  "getByLabelText": [Function],
  "getByPlaceholderText": [Function],
  "getByRole": [Function],
  "getByTestId": [Function],
  "getByText": [Function],
  "getByTitle": [Function],
  "queryAllByAltText": [Function],
  "queryAllByDisplayValue": [Function],
  "queryAllByLabelText": [Function],
  "queryAllByPlaceholderText": [Function],
  "queryAllByRole": [Function],
  "queryAllByTestId": [Function],
  "queryAllByText": [Function],
  "queryAllByTitle": [Function],
  "queryByAltText": [Function],
  "queryByDisplayValue": [Function],
  "queryByLabelText": [Function],
  "queryByPlaceholderText": [Function],
  "queryByRole": [Function],
  "queryByTestId": [Function],
  "queryByText": [Function],
  "queryByTitle": [Function],
  "rerender": [Function],
  "unmount": [Function],
}
`;

exports[`TodoItem renders without change 3`] = `
{
  "asFragment": [Function],
  "baseElement": <body>
    <div>
      <div
        class="ant-card ant-card-bordered ant-card-small css-dev-only-do-not-override-ixblex"
        data-testid="todo-item"
      >
        <div
          class="ant-card-head"
        >
          <div
            class="ant-card-head-wrapper"
          >
            <div
              class="ant-card-head-title"
            >
              Title 1
            </div>
            <div
              class="ant-card-extra"
            >
              <span
                class="ant-badge ant-badge-status ant-badge-not-a-wrapper css-dev-only-do-not-override-ixblex"
              >
                <span
                  class="ant-badge-status-dot ant-badge-status-processing"
                  style="color: rgb(245, 34, 45); background: rgb(245, 34, 45);"
                />
              </span>
            </div>
          </div>
        </div>
        <div
          class="ant-card-body"
        >
          <div
            class="ant-space css-dev-only-do-not-override-ixblex ant-space-vertical"
          >
            <div
              class="ant-space-item"
              style="margin-bottom: 24px;"
            >
              <span
                class="ant-typography css-dev-only-do-not-override-ixblex"
              >
                Description 1
              </span>
            </div>
            <div
              class="ant-space-item"
            >
              <div
                class="ant-space css-dev-only-do-not-override-ixblex ant-space-horizontal ant-space-align-center"
              >
                <div
                  class="ant-space-item"
                  style="margin-right: 8px;"
                >
                  <span
                    aria-label="calendar"
                    class="anticon anticon-calendar"
                    role="img"
                  >
                    <svg
                      aria-hidden="true"
                      data-icon="calendar"
                      fill="currentColor"
                      focusable="false"
                      height="1em"
                      viewBox="64 64 896 896"
                      width="1em"
                    >
                      <path
                        d="M712 304c0 4.4-3.6 8-8 8h-56c-4.4 0-8-3.6-8-8v-48H384v48c0 4.4-3.6 8-8 8h-56c-4.4 0-8-3.6-8-8v-48H184v136h656V256H712v48z"
                        fill="#e6f7ff"
                      />
                      <path
                        d="M880 184H712v-64c0-4.4-3.6-8-8-8h-56c-4.4 0-8 3.6-8 8v64H384v-64c0-4.4-3.6-8-8-8h-56c-4.4 0-8 3.6-8 8v64H144c-17.7 0-32 14.3-32 32v664c0 17.7 14.3 32 32 32h736c17.7 0 32-14.3 32-32V216c0-17.7-14.3-32-32-32zm-40 656H184V460h656v380zm0-448H184V256h128v48c0 4.4 3.6 8 8 8h56c4.4 0 8-3.6 8-8v-48h256v48c0 4.4 3.6 8 8 8h56c4.4 0 8-3.6 8-8v-48h128v136z"
                        fill="#1890ff"
                      />
                    </svg>
                  </span>
                </div>
                <div
                  class="ant-space-item"
                >
                  <span
                    class="ant-typography css-dev-only-do-not-override-ixblex"
                  >
                    01/01/2023
                  </span>
                </div>
              </div>
            </div>
          </div>
        </div>
        <ul
          class="ant-card-actions"
        >
          <li
            style="width: 33.333333333333336%;"
          >
            <span>
              <span
                aria-label="check-circle"
                class="anticon anticon-check-circle"
                role="img"
                style="font-size: 18px;"
                tabindex="-1"
              >
                <svg
                  aria-hidden="true"
                  data-icon="check-circle"
                  fill="currentColor"
                  focusable="false"
                  height="1em"
                  viewBox="64 64 896 896"
                  width="1em"
                >
                  <path
                    d="M699 353h-46.9c-10.2 0-19.9 4.9-25.9 13.3L469 584.3l-71.2-98.8c-6-8.3-15.6-13.3-25.9-13.3H325c-6.5 0-10.3 7.4-6.5 12.7l124.6 172.8a31.8 31.8 0 0051.7 0l210.6-292c3.9-5.3.1-12.7-6.4-12.7z"
                  />
                  <path
                    d="M512 64C264.6 64 64 264.6 64 512s200.6 448 448 448 448-200.6 448-448S759.4 64 512 64zm0 820c-205.4 0-372-166.6-372-372s166.6-372 372-372 372 166.6 372 372-166.6 372-372 372z"
                  />
                </svg>
              </span>
            </span>
          </li>
          <li
            style="width: 33.333333333333336%;"
          >
            <span>
              <span
                aria-label="edit"
                class="anticon anticon-edit"
                role="img"
                style="font-size: 18px;"
                tabindex="-1"
              >
                <svg
                  aria-hidden="true"
                  data-icon="edit"
                  fill="currentColor"
                  focusable="false"
                  height="1em"
                  viewBox="64 64 896 896"
                  width="1em"
                >
                  <path
                    d="M257.7 752c2 0 4-.2 6-.5L431.9 722c2-.4 3.9-1.3 5.3-2.8l423.9-423.9a9.96 9.96 0 000-14.1L694.9 114.9c-1.9-1.9-4.4-2.9-7.1-2.9s-5.2 1-7.1 2.9L256.8 538.8c-1.5 1.5-2.4 3.3-2.8 5.3l-29.5 168.2a33.5 33.5 0 009.4 29.8c6.6 6.4 14.9 9.9 23.8 9.9zm67.4-174.4L687.8 215l73.3 73.3-362.7 362.6-88.9 15.7 15.6-89zM880 836H144c-17.7 0-32 14.3-32 32v36c0 4.4 3.6 8 8 8h784c4.4 0 8-3.6 8-8v-36c0-17.7-14.3-32-32-32z"
                  />
                </svg>
              </span>
            </span>
          </li>
          <li
            style="width: 33.333333333333336%;"
          >
            <span>
              <span
                aria-label="delete"
                class="anticon anticon-delete"
                role="img"
                style="font-size: 18px;"
                tabindex="-1"
              >
                <svg
                  aria-hidden="true"
                  data-icon="delete"
                  fill="currentColor"
                  focusable="false"
                  height="1em"
                  viewBox="64 64 896 896"
                  width="1em"
                >
                  <path
                    d="M360 184h-8c4.4 0 8-3.6 8-8v8h304v-8c0 4.4 3.6 8 8 8h-8v72h72v-80c0-35.3-28.7-64-64-64H352c-35.3 0-64 28.7-64 64v80h72v-72zm504 72H160c-17.7 0-32 14.3-32 32v32c0 4.4 3.6 8 8 8h60.4l24.7 523c1.6 34.1 29.8 61 63.9 61h454c34.2 0 62.3-26.8 63.9-61l24.7-523H888c4.4 0 8-3.6 8-8v-32c0-17.7-14.3-32-32-32zM731.3 840H292.7l-24.2-512h487l-24.2 512z"
                  />
                </svg>
              </span>
            </span>
          </li>
        </ul>
      </div>
    </div>
    <div>
      <div
        class="ant-card ant-card-bordered ant-card-small css-dev-only-do-not-override-ixblex"
        data-testid="todo-item"
      >
        <div
          class="ant-card-head"
        >
          <div
            class="ant-card-head-wrapper"
          >
            <div
              class="ant-card-head-title"
            >
              Title 2
            </div>
          </div>
        </div>
        <div
          class="ant-card-body"
        >
          <div
            class="ant-space css-dev-only-do-not-override-ixblex ant-space-vertical"
          >
            <div
              class="ant-space-item"
              style="margin-bottom: 24px;"
            >
              <span
                class="ant-typography css-dev-only-do-not-override-ixblex"
              >
                <i>
                  No description
                </i>
              </span>
            </div>
            <div
              class="ant-space-item"
            >
              <div
                class="ant-space css-dev-only-do-not-override-ixblex ant-space-horizontal ant-space-align-center"
              >
                <div
                  class="ant-space-item"
                  style="margin-right: 8px;"
                >
                  <span
                    aria-label="calendar"
                    class="anticon anticon-calendar"
                    role="img"
                  >
                    <svg
                      aria-hidden="true"
                      data-icon="calendar"
                      fill="currentColor"
                      focusable="false"
                      height="1em"
                      viewBox="64 64 896 896"
                      width="1em"
                    >
                      <path
                        d="M712 304c0 4.4-3.6 8-8 8h-56c-4.4 0-8-3.6-8-8v-48H384v48c0 4.4-3.6 8-8 8h-56c-4.4 0-8-3.6-8-8v-48H184v136h656V256H712v48z"
                        fill="#e6f7ff"
                      />
                      <path
                        d="M880 184H712v-64c0-4.4-3.6-8-8-8h-56c-4.4 0-8 3.6-8 8v64H384v-64c0-4.4-3.6-8-8-8h-56c-4.4 0-8 3.6-8 8v64H144c-17.7 0-32 14.3-32 32v664c0 17.7 14.3 32 32 32h736c17.7 0 32-14.3 32-32V216c0-17.7-14.3-32-32-32zm-40 656H184V460h656v380zm0-448H184V256h128v48c0 4.4 3.6 8 8 8h56c4.4 0 8-3.6 8-8v-48h256v48c0 4.4 3.6 8 8 8h56c4.4 0 8-3.6 8-8v-48h128v136z"
                        fill="#1890ff"
                      />
                    </svg>
                  </span>
                </div>
                <div
                  class="ant-space-item"
                >
                  <span
                    class="ant-typography css-dev-only-do-not-override-ixblex"
                  >
                    N/A
                  </span>
                </div>
              </div>
            </div>
          </div>
        </div>
        <ul
          class="ant-card-actions"
        >
          <li
            style="width: 33.333333333333336%;"
          >
            <span>
              <span
                aria-label="check-circle"
                class="anticon anticon-check-circle"
                role="img"
                style="font-size: 18px;"
                tabindex="-1"
              >
                <svg
                  aria-hidden="true"
                  data-icon="check-circle"
                  fill="currentColor"
                  focusable="false"
                  height="1em"
                  viewBox="64 64 896 896"
                  width="1em"
                >
                  <path
                    d="M699 353h-46.9c-10.2 0-19.9 4.9-25.9 13.3L469 584.3l-71.2-98.8c-6-8.3-15.6-13.3-25.9-13.3H325c-6.5 0-10.3 7.4-6.5 12.7l124.6 172.8a31.8 31.8 0 0051.7 0l210.6-292c3.9-5.3.1-12.7-6.4-12.7z"
                  />
                  <path
                    d="M512 64C264.6 64 64 264.6 64 512s200.6 448 448 448 448-200.6 448-448S759.4 64 512 64zm0 820c-205.4 0-372-166.6-372-372s166.6-372 372-372 372 166.6 372 372-166.6 372-372 372z"
                  />
                </svg>
              </span>
            </span>
          </li>
          <li
            style="width: 33.333333333333336%;"
          >
            <span>
              <span
                aria-label="edit"
                class="anticon anticon-edit"
                role="img"
                style="font-size: 18px;"
                tabindex="-1"
              >
                <svg
                  aria-hidden="true"
                  data-icon="edit"
                  fill="currentColor"
                  focusable="false"
                  height="1em"
                  viewBox="64 64 896 896"
                  width="1em"
                >
                  <path
                    d="M257.7 752c2 0 4-.2 6-.5L431.9 722c2-.4 3.9-1.3 5.3-2.8l423.9-423.9a9.96 9.96 0 000-14.1L694.9 114.9c-1.9-1.9-4.4-2.9-7.1-2.9s-5.2 1-7.1 2.9L256.8 538.8c-1.5 1.5-2.4 3.3-2.8 5.3l-29.5 168.2a33.5 33.5 0 009.4 29.8c6.6 6.4 14.9 9.9 23.8 9.9zm67.4-174.4L687.8 215l73.3 73.3-362.7 362.6-88.9 15.7 15.6-89zM880 836H144c-17.7 0-32 14.3-32 32v36c0 4.4 3.6 8 8 8h784c4.4 0 8-3.6 8-8v-36c0-17.7-14.3-32-32-32z"
                  />
                </svg>
              </span>
            </span>
          </li>
          <li
            style="width: 33.333333333333336%;"
          >
            <span>
              <span
                aria-label="delete"
                class="anticon anticon-delete"
                role="img"
                style="font-size: 18px;"
                tabindex="-1"
              >
                <svg
                  aria-hidden="true"
                  data-icon="delete"
                  fill="currentColor"
                  focusable="false"
                  height="1em"
                  viewBox="64 64 896 896"
                  width="1em"
                >
                  <path
                    d="M360 184h-8c4.4 0 8-3.6 8-8v8h304v-8c0 4.4 3.6 8 8 8h-8v72h72v-80c0-35.3-28.7-64-64-64H352c-35.3 0-64 28.7-64 64v80h72v-72zm504 72H160c-17.7 0-32 14.3-32 32v32c0 4.4 3.6 8 8 8h60.4l24.7 523c1.6 34.1 29.8 61 63.9 61h454c34.2 0 62.3-26.8 63.9-61l24.7-523H888c4.4 0 8-3.6 8-8v-32c0-17.7-14.3-32-32-32zM731.3 840H292.7l-24.2-512h487l-24.2 512z"
                  />
                </svg>
              </span>
            </span>
          </li>
        </ul>
      </div>
    </div>
    <div>
      <div
        class="ant-card ant-card-bordered ant-card-small card-done css-dev-only-do-not-override-ixblex"
        data-testid="todo-item"
      >
        <div
          class="ant-card-head"
        >
          <div
            class="ant-card-head-wrapper"
          >
            <div
              class="ant-card-head-title"
            >
              Title 3
            </div>
          </div>
        </div>
        <div
          class="ant-card-body"
        >
          <div
            class="ant-space css-dev-only-do-not-override-ixblex ant-space-vertical"
          >
            <div
              class="ant-space-item"
              style="margin-bottom: 24px;"
            >
              <span
                class="ant-typography css-dev-only-do-not-override-ixblex"
              >
                Description 3
              </span>
            </div>
            <div
              class="ant-space-item"
            >
              <div
                class="ant-space css-dev-only-do-not-override-ixblex ant-space-horizontal ant-space-align-center"
              >
                <div
                  class="ant-space-item"
                  style="margin-right: 8px;"
                >
                  <span
                    aria-label="calendar"
                    class="anticon anticon-calendar"
                    role="img"
                  >
                    <svg
                      aria-hidden="true"
                      data-icon="calendar"
                      fill="currentColor"
                      focusable="false"
                      height="1em"
                      viewBox="64 64 896 896"
                      width="1em"
                    >
                      <path
                        d="M712 304c0 4.4-3.6 8-8 8h-56c-4.4 0-8-3.6-8-8v-48H384v48c0 4.4-3.6 8-8 8h-56c-4.4 0-8-3.6-8-8v-48H184v136h656V256H712v48z"
                        fill="#e6f7ff"
                      />
                      <path
                        d="M880 184H712v-64c0-4.4-3.6-8-8-8h-56c-4.4 0-8 3.6-8 8v64H384v-64c0-4.4-3.6-8-8-8h-56c-4.4 0-8 3.6-8 8v64H144c-17.7 0-32 14.3-32 32v664c0 17.7 14.3 32 32 32h736c17.7 0 32-14.3 32-32V216c0-17.7-14.3-32-32-32zm-40 656H184V460h656v380zm0-448H184V256h128v48c0 4.4 3.6 8 8 8h56c4.4 0 8-3.6 8-8v-48h256v48c0 4.4 3.6 8 8 8h56c4.4 0 8-3.6 8-8v-48h128v136z"
                        fill="#1890ff"
                      />
                    </svg>
                  </span>
                </div>
                <div
                  class="ant-space-item"
                >
                  <span
                    class="ant-typography css-dev-only-do-not-override-ixblex"
                  >
                    03/01/2023
                  </span>
                </div>
              </div>
            </div>
          </div>
        </div>
        <ul
          class="ant-card-actions"
        >
          <li
            style="width: 33.333333333333336%;"
          >
            <span>
              <span
                aria-label="check-circle"
                class="anticon anticon-check-circle"
                role="img"
                style="font-size: 18px; color: rgb(82, 196, 26);"
                tabindex="-1"
              >
                <svg
                  aria-hidden="true"
                  data-icon="check-circle"
                  fill="currentColor"
                  focusable="false"
                  height="1em"
                  viewBox="64 64 896 896"
                  width="1em"
                >
                  <path
                    d="M699 353h-46.9c-10.2 0-19.9 4.9-25.9 13.3L469 584.3l-71.2-98.8c-6-8.3-15.6-13.3-25.9-13.3H325c-6.5 0-10.3 7.4-6.5 12.7l124.6 172.8a31.8 31.8 0 0051.7 0l210.6-292c3.9-5.3.1-12.7-6.4-12.7z"
                  />
                  <path
                    d="M512 64C264.6 64 64 264.6 64 512s200.6 448 448 448 448-200.6 448-448S759.4 64 512 64zm0 820c-205.4 0-372-166.6-372-372s166.6-372 372-372 372 166.6 372 372-166.6 372-372 372z"
                  />
                </svg>
              </span>
            </span>
          </li>
          <li
            style="width: 33.333333333333336%;"
          >
            <span>
              <span
                aria-label="edit"
                class="anticon anticon-edit"
                role="img"
                style="font-size: 18px;"
                tabindex="-1"
              >
                <svg
                  aria-hidden="true"
                  data-icon="edit"
                  fill="currentColor"
                  focusable="false"
                  height="1em"
                  viewBox="64 64 896 896"
                  width="1em"
                >
                  <path
                    d="M257.7 752c2 0 4-.2 6-.5L431.9 722c2-.4 3.9-1.3 5.3-2.8l423.9-423.9a9.96 9.96 0 000-14.1L694.9 114.9c-1.9-1.9-4.4-2.9-7.1-2.9s-5.2 1-7.1 2.9L256.8 538.8c-1.5 1.5-2.4 3.3-2.8 5.3l-29.5 168.2a33.5 33.5 0 009.4 29.8c6.6 6.4 14.9 9.9 23.8 9.9zm67.4-174.4L687.8 215l73.3 73.3-362.7 362.6-88.9 15.7 15.6-89zM880 836H144c-17.7 0-32 14.3-32 32v36c0 4.4 3.6 8 8 8h784c4.4 0 8-3.6 8-8v-36c0-17.7-14.3-32-32-32z"
                  />
                </svg>
              </span>
            </span>
          </li>
          <li
            style="width: 33.333333333333336%;"
          >
            <span>
              <span
                aria-label="delete"
                class="anticon anticon-delete"
                role="img"
                style="font-size: 18px;"
                tabindex="-1"
              >
                <svg
                  aria-hidden="true"
                  data-icon="delete"
                  fill="currentColor"
                  focusable="false"
                  height="1em"
                  viewBox="64 64 896 896"
                  width="1em"
                >
                  <path
                    d="M360 184h-8c4.4 0 8-3.6 8-8v8h304v-8c0 4.4 3.6 8 8 8h-8v72h72v-80c0-35.3-28.7-64-64-64H352c-35.3 0-64 28.7-64 64v80h72v-72zm504 72H160c-17.7 0-32 14.3-32 32v32c0 4.4 3.6 8 8 8h60.4l24.7 523c1.6 34.1 29.8 61 63.9 61h454c34.2 0 62.3-26.8 63.9-61l24.7-523H888c4.4 0 8-3.6 8-8v-32c0-17.7-14.3-32-32-32zM731.3 840H292.7l-24.2-512h487l-24.2 512z"
                  />
                </svg>
              </span>
            </span>
          </li>
        </ul>
      </div>
    </div>
  </body>,
  "container": <div>
    <div
      class="ant-card ant-card-bordered ant-card-small card-done css-dev-only-do-not-override-ixblex"
      data-testid="todo-item"
    >
      <div
        class="ant-card-head"
      >
        <div
          class="ant-card-head-wrapper"
        >
          <div
            class="ant-card-head-title"
          >
            Title 3
          </div>
        </div>
      </div>
      <div
        class="ant-card-body"
      >
        <div
          class="ant-space css-dev-only-do-not-override-ixblex ant-space-vertical"
        >
          <div
            class="ant-space-item"
            style="margin-bottom: 24px;"
          >
            <span
              class="ant-typography css-dev-only-do-not-override-ixblex"
            >
              Description 3
            </span>
          </div>
          <div
            class="ant-space-item"
          >
            <div
              class="ant-space css-dev-only-do-not-override-ixblex ant-space-horizontal ant-space-align-center"
            >
              <div
                class="ant-space-item"
                style="margin-right: 8px;"
              >
                <span
                  aria-label="calendar"
                  class="anticon anticon-calendar"
                  role="img"
                >
                  <svg
                    aria-hidden="true"
                    data-icon="calendar"
                    fill="currentColor"
                    focusable="false"
                    height="1em"
                    viewBox="64 64 896 896"
                    width="1em"
                  >
                    <path
                      d="M712 304c0 4.4-3.6 8-8 8h-56c-4.4 0-8-3.6-8-8v-48H384v48c0 4.4-3.6 8-8 8h-56c-4.4 0-8-3.6-8-8v-48H184v136h656V256H712v48z"
                      fill="#e6f7ff"
                    />
                    <path
                      d="M880 184H712v-64c0-4.4-3.6-8-8-8h-56c-4.4 0-8 3.6-8 8v64H384v-64c0-4.4-3.6-8-8-8h-56c-4.4 0-8 3.6-8 8v64H144c-17.7 0-32 14.3-32 32v664c0 17.7 14.3 32 32 32h736c17.7 0 32-14.3 32-32V216c0-17.7-14.3-32-32-32zm-40 656H184V460h656v380zm0-448H184V256h128v48c0 4.4 3.6 8 8 8h56c4.4 0 8-3.6 8-8v-48h256v48c0 4.4 3.6 8 8 8h56c4.4 0 8-3.6 8-8v-48h128v136z"
                      fill="#1890ff"
                    />
                  </svg>
                </span>
              </div>
              <div
                class="ant-space-item"
              >
                <span
                  class="ant-typography css-dev-only-do-not-override-ixblex"
                >
                  03/01/2023
                </span>
              </div>
            </div>
          </div>
        </div>
      </div>
      <ul
        class="ant-card-actions"
      >
        <li
          style="width: 33.333333333333336%;"
        >
          <span>
            <span
              aria-label="check-circle"
              class="anticon anticon-check-circle"
              role="img"
              style="font-size: 18px; color: rgb(82, 196, 26);"
              tabindex="-1"
            >
              <svg
                aria-hidden="true"
                data-icon="check-circle"
                fill="currentColor"
                focusable="false"
                height="1em"
                viewBox="64 64 896 896"
                width="1em"
              >
                <path
                  d="M699 353h-46.9c-10.2 0-19.9 4.9-25.9 13.3L469 584.3l-71.2-98.8c-6-8.3-15.6-13.3-25.9-13.3H325c-6.5 0-10.3 7.4-6.5 12.7l124.6 172.8a31.8 31.8 0 0051.7 0l210.6-292c3.9-5.3.1-12.7-6.4-12.7z"
                />
                <path
                  d="M512 64C264.6 64 64 264.6 64 512s200.6 448 448 448 448-200.6 448-448S759.4 64 512 64zm0 820c-205.4 0-372-166.6-372-372s166.6-372 372-372 372 166.6 372 372-166.6 372-372 372z"
                />
              </svg>
            </span>
          </span>
        </li>
        <li
          style="width: 33.333333333333336%;"
        >
          <span>
            <span
              aria-label="edit"
              class="anticon anticon-edit"
              role="img"
              style="font-size: 18px;"
              tabindex="-1"
            >
              <svg
                aria-hidden="true"
                data-icon="edit"
                fill="currentColor"
                focusable="false"
                height="1em"
                viewBox="64 64 896 896"
                width="1em"
              >
                <path
                  d="M257.7 752c2 0 4-.2 6-.5L431.9 722c2-.4 3.9-1.3 5.3-2.8l423.9-423.9a9.96 9.96 0 000-14.1L694.9 114.9c-1.9-1.9-4.4-2.9-7.1-2.9s-5.2 1-7.1 2.9L256.8 538.8c-1.5 1.5-2.4 3.3-2.8 5.3l-29.5 168.2a33.5 33.5 0 009.4 29.8c6.6 6.4 14.9 9.9 23.8 9.9zm67.4-174.4L687.8 215l73.3 73.3-362.7 362.6-88.9 15.7 15.6-89zM880 836H144c-17.7 0-32 14.3-32 32v36c0 4.4 3.6 8 8 8h784c4.4 0 8-3.6 8-8v-36c0-17.7-14.3-32-32-32z"
                />
              </svg>
            </span>
          </span>
        </li>
        <li
          style="width: 33.333333333333336%;"
        >
          <span>
            <span
              aria-label="delete"
              class="anticon anticon-delete"
              role="img"
              style="font-size: 18px;"
              tabindex="-1"
            >
              <svg
                aria-hidden="true"
                data-icon="delete"
                fill="currentColor"
                focusable="false"
                height="1em"
                viewBox="64 64 896 896"
                width="1em"
              >
                <path
                  d="M360 184h-8c4.4 0 8-3.6 8-8v8h304v-8c0 4.4 3.6 8 8 8h-8v72h72v-80c0-35.3-28.7-64-64-64H352c-35.3 0-64 28.7-64 64v80h72v-72zm504 72H160c-17.7 0-32 14.3-32 32v32c0 4.4 3.6 8 8 8h60.4l24.7 523c1.6 34.1 29.8 61 63.9 61h454c34.2 0 62.3-26.8 63.9-61l24.7-523H888c4.4 0 8-3.6 8-8v-32c0-17.7-14.3-32-32-32zM731.3 840H292.7l-24.2-512h487l-24.2 512z"
                />
              </svg>
            </span>
          </span>
        </li>
      </ul>
    </div>
  </div>,
  "debug": [Function],
  "findAllByAltText": [Function],
  "findAllByDisplayValue": [Function],
  "findAllByLabelText": [Function],
  "findAllByPlaceholderText": [Function],
  "findAllByRole": [Function],
  "findAllByTestId": [Function],
  "findAllByText": [Function],
  "findAllByTitle": [Function],
  "findByAltText": [Function],
  "findByDisplayValue": [Function],
  "findByLabelText": [Function],
  "findByPlaceholderText": [Function],
  "findByRole": [Function],
  "findByTestId": [Function],
  "findByText": [Function],
  "findByTitle": [Function],
  "getAllByAltText": [Function],
  "getAllByDisplayValue": [Function],
  "getAllByLabelText": [Function],
  "getAllByPlaceholderText": [Function],
  "getAllByRole": [Function],
  "getAllByTestId": [Function],
  "getAllByText": [Function],
  "getAllByTitle": [Function],
  "getByAltText": [Function],
  "getByDisplayValue": [Function],
  "getByLabelText": [Function],
  "getByPlaceholderText": [Function],
  "getByRole": [Function],
  "getByTestId": [Function],
  "getByText": [Function],
  "getByTitle": [Function],
  "queryAllByAltText": [Function],
  "queryAllByDisplayValue": [Function],
  "queryAllByLabelText": [Function],
  "queryAllByPlaceholderText": [Function],
  "queryAllByRole": [Function],
  "queryAllByTestId": [Function],
  "queryAllByText": [Function],
  "queryAllByTitle": [Function],
  "queryByAltText": [Function],
  "queryByDisplayValue": [Function],
  "queryByLabelText": [Function],
  "queryByPlaceholderText": [Function],
  "queryByRole": [Function],
  "queryByTestId": [Function],
  "queryByText": [Function],
  "queryByTitle": [Function],
  "rerender": [Function],
  "unmount": [Function],
}
`;
